ZeroDivisionError:
  At catch0.py, line 2, in __init__()
