global start
main start
except
finally
global end
