global start
try
before return
finally
global end
