0
1
2
3
4
5
6
7
8
9
StopIteration:
  At next.py, line 4, in __init__()
