left() + right()
right
left

call(left(), right())
right
left

array()[index()]
index
array

array()[index()] = value()
value
index
array

