__add__
__sub__
__mul__
__div__
__mod__
__lt__
__le__
__eq__
__ne__
__ge__
__gt__
