(Scanning... Station is, 1380, AM)
Switching to FM
(Scanning... Station is, 89.1, FM)
