travel by Aircraft
travel by Train
travel by Bicycle
