Visiting car
Visiting engine
Visiting body
Visiting front wheel
Visiting back wheel
