The stock price of GOOGLE has changed

To function, Current price is 110
To kitten Tom, Current price is 110
To mice Jerry, Current price is 110

The stock price of GOOGLE has changed

To function, Current price is 90
To kitten Tom, Current price is 90
To mice Jerry, Current price is 90

