True
True
False
True
True
False
Puppy: bark
Tom: meow
